// Jest Snapshot v1, https://goo.gl/fbAQLP

exports[`Pruebas en el GifGridItem Debe mostrar el componente correctamente 1`] = `
<div
  className="card animate__animated animate__backInLeft"
>
  <img
    alt="Un titulo"
    src="https://localhost/algo.jpg"
  />
  <p>
     
    Un titulo
     
  </p>
</div>
`;
